---
source: tests/unit/tui_snapshot_test.rs
expression: buffer_str
---
OAP Konfigurator - Hersteller                                                   
                                                                                
────────────────────────────────────────────────────────────────────────────────
┌Suche─────────────────────────────────────────────────────────────────────────┐
│Suche: vitra                                                                  │
└──────────────────────────────────────────────────────────────────────────────┘
┌ Hersteller (3) ──────────────────────────────────────────────────────────────┐
│▶ sex          Sedus                                                          │
│  vitra        Vitra                                                          │
│  kn           Knoll                                                          │
│                                                                              │
│                                                                              │
│                                                                              │
│                                                                              │
│                                                                              │
│                                                                              │
│                                                                              │
│                                                                              │
│                                                                              │
│                                                                              │
└──────────────────────────────────────────────────────────────────────────────┘
────────────────────────────────────────────────────────────────────────────────
Esc: Suche beenden | Enter: Auswählen
