---
source: tests/unit/tui_snapshot_test.rs
expression: buffer_str
---
OAP Konfigurator - Hersteller                                                   
                                                                                
────────────────────────────────────────────────────────────────────────────────
┌ Hersteller (3) ──────────────────────────────────────────────────────────────┐
│  sex          Sedus                                                          │
│▶ vitra        Vitra                                                          │
│  kn           Knoll                                                          │
│                                                                              │
│                                                                              │
│                                                                              │
│                                                                              │
│                                                                              │
│                                                                              │
│                                                                              │
│                                                                              │
│                                                                              │
│                                                                              │
│                                                                              │
│                                                                              │
│                                                                              │
└──────────────────────────────────────────────────────────────────────────────┘
────────────────────────────────────────────────────────────────────────────────
↑↓: Navigation | Enter: Auswählen | /: Suchen | q: Beend
